// Jest Snapshot v1, https://goo.gl/fbAQLP

exports[`UserHeader renders correctly 1`] = `
<div
  className="listHeader"
>
  <h2
    className="oneLine"
  >
    Users
  </h2>
  <span
    className="rightButtons"
  >
    <a
      className="nohover addButton"
      onClick={[Function]}
    >
      Add User
    </a>
    <a
      className="nohover deleteButton"
      onClick={[Function]}
    >
      Delete User
    </a>
  </span>
</div>
`;
