// Jest Snapshot v1, https://goo.gl/fbAQLP

exports[`UserForm renders correctly 1`] = `
<div
  className="rightList"
>
  <h2>
    Personal Information
  </h2>
  <form
    className="form-horizontal"
  >
    <UserFormInput
      fieldLabel="First Name"
      fieldName="firstName"
      focus={true}
      onBlur={[Function]}
      onChange={[Function]}
      tabIndex={1}
      user={
        Object {
          "age": "987",
          "firstName": "test-first",
          "lastName": "test-last",
          "userId": "testId",
        }
      }
    />
    <UserFormInput
      fieldLabel="Last Name"
      fieldName="lastName"
      onBlur={[Function]}
      onChange={[Function]}
      tabIndex={2}
      user={
        Object {
          "age": "987",
          "firstName": "test-first",
          "lastName": "test-last",
          "userId": "testId",
        }
      }
    />
    <UserFormInput
      fieldLabel="Age"
      fieldName="age"
      onBlur={[Function]}
      onChange={[Function]}
      tabIndex={3}
      user={
        Object {
          "age": "987",
          "firstName": "test-first",
          "lastName": "test-last",
          "userId": "testId",
        }
      }
    />
  </form>
</div>
`;
