// Jest Snapshot v1, https://goo.gl/fbAQLP

exports[`UserFormInput renders correctly 1`] = `
<div
  className="form-group"
>
  <label
    className="controlLabel"
    htmlFor="inputtestFieldName"
  >
    testFieldLabel
  </label>
  <div
    className="controls"
  >
    <input
      autoFocus={undefined}
      className="form-control"
      id="inputtestFieldName"
      name="testFieldName"
      onBlur={[Function]}
      onChange={[Function]}
      placeholder="testFieldLabel"
      tabIndex={undefined}
      type="text"
      value={undefined}
    />
  </div>
</div>
`;
